2025-12-18T11:19:02.929+08:00  INFO 2164 --- [MySpringBoot] [main] com.mr.MySpringBootApplication           : Starting MySpringBootApplication using Java 22.0.2 with PID 2164 (E:\javaPro\MySpringBoot\MySpringBoot\target\classes started by 徐泽明 in E:\javaPro\MySpringBoot\MySpringBoot)
2025-12-18T11:19:02.929+08:00  INFO 2164 --- [MySpringBoot] [main] com.mr.MySpringBootApplication           : No active profile set, falling back to 1 default profile: "default"
2025-12-18T11:19:03.548+08:00  INFO 2164 --- [MySpringBoot] [main] o.s.b.w.embedded.tomcat.TomcatWebServer  : Tomcat initialized with port 8080 (http)
2025-12-18T11:19:03.556+08:00  INFO 2164 --- [MySpringBoot] [main] o.apache.catalina.core.StandardService   : Starting service [Tomcat]
2025-12-18T11:19:03.556+08:00  INFO 2164 --- [MySpringBoot] [main] o.apache.catalina.core.StandardEngine    : Starting Servlet engine: [Apache Tomcat/10.1.49]
2025-12-18T11:19:03.607+08:00  INFO 2164 --- [MySpringBoot] [main] o.a.c.c.C.[Tomcat].[localhost].[/]       : Initializing Spring embedded WebApplicationContext
2025-12-18T11:19:03.607+08:00  INFO 2164 --- [MySpringBoot] [main] w.s.c.ServletWebServerApplicationContext : Root WebApplicationContext: initialization completed in 642 ms
2025-12-18T11:19:03.633+08:00  INFO 2164 --- [MySpringBoot] [main] com.mr.filter.CountFilter                : 执行过滤器init方法
2025-12-18T11:19:03.880+08:00  INFO 2164 --- [MySpringBoot] [main] o.s.b.w.embedded.tomcat.TomcatWebServer  : Tomcat started on port 8080 (http) with context path '/'
2025-12-18T11:19:03.880+08:00  INFO 2164 --- [MySpringBoot] [main] com.mr.MySpringBootApplication           : Started MySpringBootApplication in 1.3 seconds (process running for 1.584)
2025-12-18T11:19:31.412+08:00  INFO 2164 --- [MySpringBoot] [http-nio-8080-exec-1] com.mr.listener.MyRequestListener        : 执行监听器初始化方法
2025-12-18T11:19:31.428+08:00  INFO 2164 --- [MySpringBoot] [http-nio-8080-exec-1] com.mr.listener.MyRequestListener        : 监听器获取前端请求地址：0:0:0:0:0:0:0:1
2025-12-18T11:19:31.428+08:00  INFO 2164 --- [MySpringBoot] [http-nio-8080-exec-1] com.mr.listener.MyRequestListener        : 监听器获取前端请求URL：http://localhost:8080/hello
2025-12-18T11:19:31.428+08:00  INFO 2164 --- [MySpringBoot] [http-nio-8080-exec-1] com.mr.listener.MyRequestListener        : 监听器获取前端请求sessionId：C658996B1D6E8473AFCFE27D34E26569
2025-12-18T11:19:31.428+08:00  INFO 2164 --- [MySpringBoot] [http-nio-8080-exec-1] o.a.c.c.C.[Tomcat].[localhost].[/]       : Initializing Spring DispatcherServlet 'dispatcherServlet'
2025-12-18T11:19:31.428+08:00  INFO 2164 --- [MySpringBoot] [http-nio-8080-exec-1] o.s.web.servlet.DispatcherServlet        : Initializing Servlet 'dispatcherServlet'
2025-12-18T11:19:31.437+08:00  INFO 2164 --- [MySpringBoot] [http-nio-8080-exec-1] o.s.web.servlet.DispatcherServlet        : Completed initialization in 9 ms
2025-12-18T11:19:31.437+08:00  INFO 2164 --- [MySpringBoot] [http-nio-8080-exec-1] com.mr.filter.CountFilter                : 执行过滤器doFilter方法
2025-12-18T11:19:31.454+08:00  INFO 2164 --- [MySpringBoot] [http-nio-8080-exec-1] com.mr.interceptor.MyInterceptor         : 执行拦截器preHandle方法
2025-12-18T11:19:31.454+08:00  INFO 2164 --- [MySpringBoot] [http-nio-8080-exec-1] com.mr.interceptor.MyInterceptor         : 拦截器获取到的count=1
2025-12-18T11:19:31.476+08:00  INFO 2164 --- [MySpringBoot] [http-nio-8080-exec-1] com.mr.interceptor.MyInterceptor         : 执行拦截器postHandle方法
2025-12-18T11:19:31.478+08:00  INFO 2164 --- [MySpringBoot] [http-nio-8080-exec-1] com.mr.interceptor.MyInterceptor         : 执行拦截器afterCompletion方法
2025-12-18T11:19:31.479+08:00  INFO 2164 --- [MySpringBoot] [http-nio-8080-exec-1] com.mr.listener.MyRequestListener        : 执行监听器销毁方法
2025-12-18T11:19:31.479+08:00  INFO 2164 --- [MySpringBoot] [http-nio-8080-exec-1] com.mr.listener.MyRequestListener        : sessionId:org.apache.catalina.session.StandardSessionFacade@28e8fe5e已销毁
2025-12-18T11:19:31.479+08:00  INFO 2164 --- [MySpringBoot] [http-nio-8080-exec-2] com.mr.listener.MyRequestListener        : 执行监听器初始化方法
2025-12-18T11:19:31.479+08:00  INFO 2164 --- [MySpringBoot] [http-nio-8080-exec-2] com.mr.listener.MyRequestListener        : 监听器获取前端请求地址：0:0:0:0:0:0:0:1
2025-12-18T11:19:31.479+08:00  INFO 2164 --- [MySpringBoot] [http-nio-8080-exec-2] com.mr.listener.MyRequestListener        : 监听器获取前端请求URL：http://localhost:8080/favicon.ico
2025-12-18T11:19:31.479+08:00  INFO 2164 --- [MySpringBoot] [http-nio-8080-exec-2] com.mr.listener.MyRequestListener        : 监听器获取前端请求sessionId：C658996B1D6E8473AFCFE27D34E26569
2025-12-18T11:19:31.479+08:00  INFO 2164 --- [MySpringBoot] [http-nio-8080-exec-2] com.mr.filter.CountFilter                : 执行过滤器doFilter方法
2025-12-18T11:19:31.479+08:00  INFO 2164 --- [MySpringBoot] [http-nio-8080-exec-2] com.mr.interceptor.MyInterceptor         : 执行拦截器preHandle方法
2025-12-18T11:19:31.479+08:00  INFO 2164 --- [MySpringBoot] [http-nio-8080-exec-2] com.mr.interceptor.MyInterceptor         : 拦截器返回false
2025-12-18T11:19:31.479+08:00  INFO 2164 --- [MySpringBoot] [http-nio-8080-exec-2] com.mr.listener.MyRequestListener        : 执行监听器销毁方法
2025-12-18T11:19:31.479+08:00  INFO 2164 --- [MySpringBoot] [http-nio-8080-exec-2] com.mr.listener.MyRequestListener        : sessionId:org.apache.catalina.session.StandardSessionFacade@28e8fe5e已销毁
2025-12-18T11:20:38.266+08:00  INFO 2164 --- [MySpringBoot] [SpringApplicationShutdownHook] o.s.b.w.e.tomcat.GracefulShutdown        : Commencing graceful shutdown. Waiting for active requests to complete
2025-12-18T11:20:38.266+08:00  INFO 2164 --- [MySpringBoot] [tomcat-shutdown] o.s.b.w.e.tomcat.GracefulShutdown        : Graceful shutdown complete
2025-12-18T11:20:38.274+08:00  INFO 2164 --- [MySpringBoot] [SpringApplicationShutdownHook] com.mr.filter.CountFilter                : 执行过滤器destroy方法
